// Jest Snapshot v1, https://goo.gl/fbAQLP

exports[`matches snapshot 1`] = `
<DocumentFragment>
  <div>
    <form>
      <label
        for="task"
      >
        New Todo
      </label>
      <input
        id="task"
        name="task"
        placeholder="Add to List"
        type="text"
        value=""
      />
      <button>
        Submit
      </button>
    </form>
  </div>
  <ul />
</DocumentFragment>
`;
